[www.sathyambio.net/index.html]
[backblue.gif]
[fade.gif]
[index.html]
[5.imimg.com/data5/SELLER/Logo/2022/2/GV/ZV/NO/1364695/sathyam-bio-logo--120x120.jpg]
[tdw.imimg.com/template-tdw/d0067/style_17_min.css]
[www.sathyambio.net/profile.html]
[www.sathyambio.net/enquiry.html]
[www.sathyambio.net/seaweed-gel-and-tablets.html]
[www.sathyambio.net/seaweed-extract-fertilizer.html]
[www.sathyambio.net/amino-acid.html]
[www.sathyambio.net/humic-acid.html]
[www.sathyambio.net/chemical-powder.html]
[www.sathyambio.net/micronutrient-fertilizer.html]
[www.sathyambio.net/organic-fertilizer.html]
[www.sathyambio.net/organic-seaweed-granule.html]
[www.sathyambio.net/fulvic-acid.html]
[www.sathyambio.net/seaweed-extract-powder.html]
[www.sathyambio.net/plant-growth-promoter.html]
[5.imimg.com/data5/SELLER/Logo/2022/2/GV/ZV/NO/1364695/sathyam-bio-logo--90x90.jpg]
[www.sathyambio.net/testimonial.html]
[www.sathyambio.net/sitemap.html]
[www.sathyambio.net/index.html]
[utils.imimg.com/imsrchui/js/jquery.js]
[tdw.imimg.com/template-tdw/d0067/style_17_min.css]
[www.sathyambio.net/company-brief.html]
[www.sathyambio.net/corporate-video.html]
[www.sathyambio.net/corporate-brochure.html]
[www.sathyambio.net/services.html]
[www.sathyambio.net/franchisee.html]
[www.sathyambio.net/profile.html]
[www.sathyambio.net/enquiry.html]
[www.sathyambio.net/seaweed-gel-and-tablets.html]
[5.imimg.com/data5/UV/DP/AA/SELLER-1364695/seaweed-gel-500x500.jpg]
[5.imimg.com/data5/SELLER/Default/2022/3/GH/ER/RD/1364695/black-seaweed-powder-500x500.jpg]
[www.sathyambio.net/sathyam-bio.pdf]
[3.imimg.com/data3/KY/NH/MY-1364695/seaweed-extract-liquid-500x500.jpg]
[5.imimg.com/data5/OT/SQ/OH/SELLER-1364695/seaweed-concentrate-gel-500x500.jpg]
[5.imimg.com/data5/SELLER/Default/2020/12/WT/SU/YN/1364695/seaweed-tablets-500x500.jpg]
[5.imimg.com/data5/SELLER/Default/2020/12/PE/PB/HK/1364695/sw1-500x500.jpg]
[5.imimg.com/data5/SELLER/Default/2022/3/XH/PH/EJ/1364695/raw-sargassum-seaweed-powder-500x500.jpg]
[5.imimg.com/data5/SELLER/Default/2022/3/KS/IV/WY/1364695/5-500x500.jpg]
[5.imimg.com/data5/SELLER/Default/2022/3/VO/JO/HN/1364695/red-seaweed-powder-500x500.jpg]
[www.sathyambio.net/seaweed-extract-fertilizer.html]
[5.imimg.com/data5/SELLER/Default/2022/2/BJ/JV/CK/1364695/50-soya-based-amino-acid-powder-500x500.jpg]
[5.imimg.com/data5/SELLER/Default/2022/2/AD/HK/BL/1364695/soya-based-amino-80-powder-500x500.jpg]
[www.sathyambio.net/amino-acid.html]
[5.imimg.com/data5/SELLER/Default/2022/2/ME/ZH/UO/1364695/super-potassium-f-huamte-shiny-flakes-500x500.jpg]
[5.imimg.com/data5/SELLER/Default/2022/2/VK/AM/ZZ/1364695/potassium-humate-powder-500x500.jpg]
[www.sathyambio.net/humic-acid.html]
[5.imimg.com/data5/SELLER/Default/2022/2/AW/XT/LA/1364695/organic-fertilizer-powder-500x500.jpg]
[5.imimg.com/data5/SELLER/Default/2022/2/TI/YQ/WC/1364695/herbal-fungicide-powder-500x500.jpg]
[www.sathyambio.net/chemical-powder.html]
[5.imimg.com/data5/SELLER/Default/2022/3/NM/TD/ER/1364695/chelated-micronutrient-powder-500x500.jpg]
[5.imimg.com/data5/SELLER/Default/2022/2/KG/DL/WV/1364695/micronutrient-liquid-500x500.jpg]
[www.sathyambio.net/micronutrient-fertilizer.html]
[5.imimg.com/data5/SELLER/Default/2022/3/TP/UG/YM/1364695/3-500x500.jpg]
[www.sathyambio.net/organic-fertilizer.html]
[3.imimg.com/data3/EG/EK/MY-1364695/organic-seaweed-granular-500x500.jpg]
[www.sathyambio.net/organic-seaweed-granule.html]
[5.imimg.com/data5/SELLER/Default/2020/12/QZ/BT/PN/1364695/fulvic-acid-500x500.jpg]
[www.sathyambio.net/fulvic-acid.html]
[5.imimg.com/data5/SELLER/Default/2022/3/YP/LP/YN/1364695/8-500x500.jpg]
[www.sathyambio.net/seaweed-extract-powder.html]
[5.imimg.com/data5/SELLER/Default/2022/3/UA/TZ/HK/1364695/potassium-phosphonate-liquid-500x500.jpg]
[www.sathyambio.net/plant-growth-promoter.html]
[www.sathyambio.net/testimonial.html]
[www.sathyambio.net/sitemap.html]
[www.sathyambio.net/company-brief.html]
[www.sathyambio.net/corporate-video.html]
[www.sathyambio.net/corporate-brochure.html]
[www.sathyambio.net/services.html]
[www.sathyambio.net/franchisee.html]
[www.sathyambio.net/cgi/sathyam-bio9260.pdf]
